%!Adobe-FontList 1.23
%Locale:0x409

%BeginFont
Handler:DirectoryHandler
FontType:Invalid
OutlineFileName:/Users/maureenvanluijn/Desktop/Naamloos-2 map/Document fonts/AdobeFnt23.lst
FileLength:980
FileModTime:690458780
%EndFont

%BeginFont
Handler:DirectoryHandler
FontType:TrueType
FontName:BassyRegular
FamilyName:Bassy
StyleName:Regular
MenuName:Bassy
StyleBits:0
WeightClass:400
WidthClass:5
AngleClass:0
FullName:Bassy
WritingScript:Roman
OutlineFileName:/Users/maureenvanluijn/Desktop/Naamloos-2 map/Document fonts/Bassy.ttf
DataFormat:sfntData
hasSVG:no
VariableFontType:NonVariableFont
FileLength:150304
FileModTime:634041312
NameArray:0,Mac,4,Bassy
NameArray:0,Win,1,Bassy
NameArray:0,Win,16,Bassy
%EndFont

%BeginFont
Handler:DirectoryHandler
FontType:TrueType
FontName:Leafs
FamilyName:Leafs
StyleName:Regular
MenuName:Leafs
StyleBits:0
WeightClass:400
WidthClass:5
AngleClass:0
FullName:Leafs
WritingScript:Roman
OutlineFileName:/Users/maureenvanluijn/Desktop/Naamloos-2 map/Document fonts/Leafs.ttf
DataFormat:sfntData
hasSVG:no
VariableFontType:NonVariableFont
FileLength:23796
FileModTime:401466532
NameArray:0,Mac,4,Leafs
NameArray:0,Win,1,Leafs
%EndFont

